[2026-08-28T04:59:02.209Z] [ERROR] GET /api/retailers 500 - Cannot read properties of undefined (reading 'localeCompare')
[2026-08-28T04:59:10.600Z] [ERROR] GET /api/retailers 500 - Cannot read properties of undefined (reading 'localeCompare')
[2026-08-28T05:03:23.556Z] [ERROR] POST /api/users/login 401 - Invalid email or password
[2026-08-28T05:03:27.800Z] [ERROR] POST /api/users/login 401 - Invalid email or password
[2026-08-28T05:03:28.480Z] [ERROR] POST /api/users/login 401 - Invalid email or password
[2026-08-28T05:03:43.575Z] [ERROR] POST /api/users/login 401 - Invalid email or password
[2026-08-28T05:04:56.610Z] [ERROR] POST /api/users/login 401 - Invalid email or password
[2026-08-28T05:04:57.610Z] [ERROR] POST /api/users/login 401 - Invalid email or password
[2026-08-28T05:06:19.930Z] [ERROR] POST /api/users/login 401 - Invalid email or password
[2026-08-28T05:06:56.472Z] [ERROR] POST /api/users/login 401 - Invalid email or password
[2026-08-28T05:07:05.416Z] [ERROR] POST /api/users/login 401 - Invalid email or password
[2026-08-28T05:07:11.775Z] [ERROR] POST /api/users/login 401 - Invalid email or password
[2026-08-28T05:28:51.303Z] [ERROR] POST /api/users/login 401 - Invalid email or password
[2026-08-28T08:37:26.471Z] [ERROR] POST /api/returns 400 - A return request has already been submitted for this item.
[2026-08-28T15:15:07.860Z] [ERROR] GET /api 404 - Cannot GET /api
[2026-08-28T15:15:08.017Z] [ERROR] GET /favicon.ico 404 - Cannot GET /favicon.ico
[2026-08-29T10:32:44.001Z] [ERROR] POST /api/users/login 401 - Invalid email or password
[2026-08-29T10:32:56.698Z] [ERROR] POST /api/users/login 401 - Invalid email or password
[2026-08-30T09:48:16.647Z] [ERROR] GET /api-json 404 - Cannot GET /api-json
[2026-08-30T09:48:19.085Z] [ERROR] GET /api 404 - Cannot GET /api
[2026-08-30T09:48:22.021Z] [ERROR] GET /api/auth/profile 404 - Cannot GET /api/auth/profile
[2026-08-30T09:48:22.029Z] [ERROR] GET /api/auth/users 404 - Cannot GET /api/auth/users
[2026-08-30T09:49:44.509Z] [ERROR] GET /api/purchase-returns 404 - Cannot GET /api/purchase-returns
[2026-08-30T09:49:44.514Z] [ERROR] GET /api/purchase-orders/returns 404 - Purchase order not found
[2026-08-30T09:49:44.530Z] [ERROR] GET /api/returns/purchase 404 - Return request not found
[2026-08-30T15:48:49.310Z] [ERROR] GET /api/suppliers/0eceb657-958d-4957-9728-e023994a8e8d 404 - Supplier setup "0eceb657-958d-4957-9728-e023994a8e8d" was not found
[2026-08-30T15:48:50.514Z] [ERROR] GET /api/suppliers/0eceb657-958d-4957-9728-e023994a8e8d 404 - Supplier setup "0eceb657-958d-4957-9728-e023994a8e8d" was not found
[2026-08-30T15:48:53.987Z] [ERROR] GET /api/suppliers/0eceb657-958d-4957-9728-e023994a8e8d 404 - Supplier setup "0eceb657-958d-4957-9728-e023994a8e8d" was not found
[2026-08-30T15:49:04.803Z] [ERROR] GET /api/suppliers/0eceb657-958d-4957-9728-e023994a8e8d 404 - Supplier setup "0eceb657-958d-4957-9728-e023994a8e8d" was not found
[2026-08-30T15:49:05.759Z] [ERROR] GET /api/suppliers/0eceb657-958d-4957-9728-e023994a8e8d 404 - Supplier setup "0eceb657-958d-4957-9728-e023994a8e8d" was not found
[2026-08-30T15:49:06.809Z] [ERROR] GET /api/suppliers/0eceb657-958d-4957-9728-e023994a8e8d 404 - Supplier setup "0eceb657-958d-4957-9728-e023994a8e8d" was not found
[2026-08-30T15:49:14.293Z] [ERROR] GET /api/suppliers/0eceb657-958d-4957-9728-e023994a8e8d 404 - Supplier setup "0eceb657-958d-4957-9728-e023994a8e8d" was not found
[2026-08-30T15:49:14.434Z] [ERROR] GET /api/suppliers/0eceb657-958d-4957-9728-e023994a8e8d 404 - Supplier setup "0eceb657-958d-4957-9728-e023994a8e8d" was not found
[2026-08-30T15:49:33.759Z] [ERROR] GET /api/suppliers/0eceb657-958d-4957-9728-e023994a8e8d 404 - Supplier setup "0eceb657-958d-4957-9728-e023994a8e8d" was not found
[2026-08-30T17:03:16.443Z] [ERROR] GET /api/admin/dashboard 404 - Cannot GET /api/admin/dashboard
[2026-08-30T17:03:16.460Z] [ERROR] GET /api/admin/system-settings 404 - Cannot GET /api/admin/system-settings
[2026-08-30T17:03:16.483Z] [ERROR] GET /api/admin/reports 404 - Cannot GET /api/admin/reports
[2026-08-30T17:03:16.503Z] [ERROR] GET /api/admin/stores-summary 404 - Cannot GET /api/admin/stores-summary
[2026-08-30T17:03:16.506Z] [ERROR] GET /api/platform-revenue/dashboard 404 - Cannot GET /api/platform-revenue/dashboard
[2026-08-30T17:03:16.608Z] [ERROR] GET /api/employees/dashboard 404 - Cannot GET /api/employees/dashboard
[2026-08-30T17:03:16.741Z] [ERROR] GET /api/admin/dashboard 404 - Cannot GET /api/admin/dashboard
[2026-08-30T17:03:54.026Z] [ERROR] POST /api/transactions 400 - property orderId should not exist, property total should not exist, property finalTotal should not exist, items.0.property id should not exist, items.0.property qty should not exist, items.0.sku must be a string, items.0.quantity must not be less than 1, items.0.quantity must be a number conforming to the specified constraints
[2026-08-30T17:04:08.526Z] [ERROR] POST /api/transactions 400 - property total should not exist, property finalTotal should not exist
[2026-08-30T17:04:15.044Z] [ERROR] POST /api/transactions 400 - property total should not exist, property finalTotal should not exist, store must be a string
[2026-08-30T17:23:48.624Z] [ERROR] GET / 404 - Cannot GET /
[2026-08-30T17:23:48.749Z] [ERROR] GET /favicon.ico 404 - Cannot GET /favicon.ico
[2026-08-30T18:07:06.878Z] [ERROR] GET / 404 - Cannot GET /
[2026-08-30T18:07:07.017Z] [ERROR] GET /favicon.ico 404 - Cannot GET /favicon.ico
[2026-08-30T18:07:21.804Z] [ERROR] POST /api/users/login 401 - Invalid email or password
[2026-08-30T18:07:26.447Z] [ERROR] POST /api/users/login 401 - Invalid email or password
[2026-08-30T19:02:18.353Z] [ERROR] POST /api/users/login 401 - Invalid email or password
[2026-08-30T19:02:22.471Z] [ERROR] POST /api/users/login 401 - Invalid email or password
[2026-08-30T19:02:40.578Z] [ERROR] POST /api/users/login 401 - Invalid email or password
[2026-08-30T19:24:02.096Z] [ERROR] POST /api/users/login 400 - email must be an email
[2026-08-31T13:14:18.628Z] [ERROR] POST /api/suppliers/setup 400 - products.0.property stock should not exist, products.0.property price should not exist, products.0.property moq should not exist
[2026-08-31T13:15:52.912Z] [ERROR] POST /api/suppliers/setup 400 - products.0.property stock should not exist, products.0.property price should not exist, products.0.property moq should not exist
[2026-08-31T13:16:11.478Z] [ERROR] POST /api/suppliers/setup 400 - products.0.property stock should not exist, products.0.property price should not exist, products.0.property moq should not exist
[2026-08-31T13:16:38.831Z] [ERROR] POST /api/suppliers/setup 400 - products.0.property stock should not exist, products.0.property price should not exist, products.0.property moq should not exist
[2026-08-31T13:16:48.818Z] [ERROR] POST /api/suppliers/setup 400 - products.0.property stock should not exist, products.0.property price should not exist, products.0.property moq should not exist
[2026-08-31T13:16:53.404Z] [ERROR] POST /api/suppliers/setup 400 - products.0.property stock should not exist, products.0.property price should not exist, products.0.property moq should not exist
[2026-08-31T13:16:59.590Z] [ERROR] GET /api-docs 404 - Cannot GET /api-docs
[2026-08-31T13:16:59.600Z] [ERROR] GET /swagger 404 - Cannot GET /swagger
[2026-08-31T13:19:39.493Z] [ERROR] PATCH /api/users/cedc0064-0c9e-445e-9649-d344d6fe094d 400 - property plan should not exist
[2026-08-31T13:47:41.471Z] [ERROR] PATCH /api/users/cedc0064-0c9e-445e-9649-d344d6fe094d 400 - property plan should not exist
[2026-08-31T13:56:26.517Z] [ERROR] PATCH /api/users/u-retailer-john 409 - Email already exists
[2026-08-31T13:57:54.293Z] [ERROR] PATCH /api/users/u-retailer-john 404 - User not found
[2026-08-31T14:08:26.417Z] [ERROR] GET /js/admin.js 404 - Cannot GET /js/admin.js
[2026-08-31T15:00:41.665Z] [ERROR] GET /api 404 - Cannot GET /api
[2026-08-31T15:00:41.957Z] [ERROR] GET /favicon.ico 404 - Cannot GET /favicon.ico
[2026-08-31T15:15:46.937Z] [ERROR] POST /api/retailers/cedc0064-0c9e-445e-9649-d344d6fe094d/stores?userPlan=pro 400 - Expected property name or '}' in JSON at position 1 (line 1 column 2)
[2026-08-31T15:15:54.183Z] [ERROR] POST /api/retailers/cedc0064-0c9e-445e-9649-d344d6fe094d/stores?userPlan=pro 400 - Expected property name or '}' in JSON at position 1 (line 1 column 2)
[2026-08-31T15:16:01.074Z] [ERROR] POST /api/retailers/cedc0064-0c9e-445e-9649-d344d6fe094d/stores?userPlan=pro 400 - Expected property name or '}' in JSON at position 1 (line 1 column 2)
[2026-08-31T15:16:19.561Z] [ERROR] POST /api/retailers/cedc0064-0c9e-445e-9649-d344d6fe094d/stores?userPlan=free 400 - PLAN_LIMIT_REACHED:free:1:Starter Kirana (Free)
[2026-08-31T15:38:33.440Z] [ERROR] POST /api/users/login 401 - Invalid email or password
[2026-09-20T20:12:17.881Z] [ERROR] GET / 404 - Cannot GET /
[2026-09-20T20:12:17.969Z] [ERROR] GET /favicon.ico 404 - Cannot GET /favicon.ico
[2026-09-20T20:13:30.572Z] [ERROR] GET /api/platform-revenue/subscriptions/active?userId=cedc0064-0c9e-445e-9649-d344d6fe094d 404 - Cannot GET /api/platform-revenue/subscriptions/active?userId=cedc0064-0c9e-445e-9649-d344d6fe094d
[2026-09-20T20:13:30.604Z] [ERROR] GET /api/platform-revenue/subscriptions/active?userId=cedc0064-0c9e-445e-9649-d344d6fe094d 404 - Cannot GET /api/platform-revenue/subscriptions/active?userId=cedc0064-0c9e-445e-9649-d344d6fe094d
[2026-09-20T20:13:40.168Z] [ERROR] GET /api/platform-revenue/subscriptions/active?userId=cedc0064-0c9e-445e-9649-d344d6fe094d 404 - Cannot GET /api/platform-revenue/subscriptions/active?userId=cedc0064-0c9e-445e-9649-d344d6fe094d
[2026-09-20T20:13:40.177Z] [ERROR] GET /api/platform-revenue/subscriptions/active?userId=cedc0064-0c9e-445e-9649-d344d6fe094d 404 - Cannot GET /api/platform-revenue/subscriptions/active?userId=cedc0064-0c9e-445e-9649-d344d6fe094d
[2026-09-21T11:30:17.377Z] [ERROR] GET /api/platform-revenue/subscriptions/active?userId=cedc0064-0c9e-445e-9649-d344d6fe094d 404 - Cannot GET /api/platform-revenue/subscriptions/active?userId=cedc0064-0c9e-445e-9649-d344d6fe094d
[2026-09-21T11:30:17.440Z] [ERROR] GET /api/platform-revenue/subscriptions/active?userId=cedc0064-0c9e-445e-9649-d344d6fe094d 404 - Cannot GET /api/platform-revenue/subscriptions/active?userId=cedc0064-0c9e-445e-9649-d344d6fe094d
[2026-09-21T11:48:08.802Z] [ERROR] GET /api/platform-revenue/subscriptions/active?userId=cedc0064-0c9e-445e-9649-d344d6fe094d 404 - Cannot GET /api/platform-revenue/subscriptions/active?userId=cedc0064-0c9e-445e-9649-d344d6fe094d
[2026-09-21T11:48:08.885Z] [ERROR] GET /api/platform-revenue/subscriptions/active?userId=cedc0064-0c9e-445e-9649-d344d6fe094d 404 - Cannot GET /api/platform-revenue/subscriptions/active?userId=cedc0064-0c9e-445e-9649-d344d6fe094d
[2026-09-21T11:49:45.385Z] [ERROR] GET /api/platform-revenue/subscriptions/active?userId=cedc0064-0c9e-445e-9649-d344d6fe094d 404 - Cannot GET /api/platform-revenue/subscriptions/active?userId=cedc0064-0c9e-445e-9649-d344d6fe094d
[2026-09-21T11:49:45.421Z] [ERROR] GET /api/platform-revenue/subscriptions/active?userId=cedc0064-0c9e-445e-9649-d344d6fe094d 404 - Cannot GET /api/platform-revenue/subscriptions/active?userId=cedc0064-0c9e-445e-9649-d344d6fe094d
[2026-09-21T11:49:58.017Z] [ERROR] GET /api/platform-revenue/subscriptions/active?userId=cedc0064-0c9e-445e-9649-d344d6fe094d 404 - Cannot GET /api/platform-revenue/subscriptions/active?userId=cedc0064-0c9e-445e-9649-d344d6fe094d
[2026-09-21T11:49:58.055Z] [ERROR] GET /api/platform-revenue/subscriptions/active?userId=cedc0064-0c9e-445e-9649-d344d6fe094d 404 - Cannot GET /api/platform-revenue/subscriptions/active?userId=cedc0064-0c9e-445e-9649-d344d6fe094d
[2026-09-21T11:50:11.707Z] [ERROR] GET /api/platform-revenue/subscriptions/active?userId=cedc0064-0c9e-445e-9649-d344d6fe094d 404 - Cannot GET /api/platform-revenue/subscriptions/active?userId=cedc0064-0c9e-445e-9649-d344d6fe094d
[2026-09-21T11:50:11.743Z] [ERROR] GET /api/platform-revenue/subscriptions/active?userId=cedc0064-0c9e-445e-9649-d344d6fe094d 404 - Cannot GET /api/platform-revenue/subscriptions/active?userId=cedc0064-0c9e-445e-9649-d344d6fe094d
[2026-09-21T11:51:54.358Z] [ERROR] GET /api/platform-revenue/subscriptions/active?userId=cedc0064-0c9e-445e-9649-d344d6fe094d 404 - Cannot GET /api/platform-revenue/subscriptions/active?userId=cedc0064-0c9e-445e-9649-d344d6fe094d
[2026-09-21T11:51:54.404Z] [ERROR] GET /api/platform-revenue/subscriptions/active?userId=cedc0064-0c9e-445e-9649-d344d6fe094d 404 - Cannot GET /api/platform-revenue/subscriptions/active?userId=cedc0064-0c9e-445e-9649-d344d6fe094d
[2026-09-21T12:15:18.278Z] [ERROR] GET /api/platform-revenue/subscriptions/active?userId=cedc0064-0c9e-445e-9649-d344d6fe094d 404 - Cannot GET /api/platform-revenue/subscriptions/active?userId=cedc0064-0c9e-445e-9649-d344d6fe094d
[2026-09-21T12:15:18.306Z] [ERROR] GET /api/platform-revenue/subscriptions/active?userId=cedc0064-0c9e-445e-9649-d344d6fe094d 404 - Cannot GET /api/platform-revenue/subscriptions/active?userId=cedc0064-0c9e-445e-9649-d344d6fe094d
[2026-09-21T12:25:43.122Z] [ERROR] GET /api/platform-revenue/subscriptions/active?userId=cedc0064-0c9e-445e-9649-d344d6fe094d 404 - Cannot GET /api/platform-revenue/subscriptions/active?userId=cedc0064-0c9e-445e-9649-d344d6fe094d
[2026-09-21T12:25:43.157Z] [ERROR] GET /api/platform-revenue/subscriptions/active?userId=cedc0064-0c9e-445e-9649-d344d6fe094d 404 - Cannot GET /api/platform-revenue/subscriptions/active?userId=cedc0064-0c9e-445e-9649-d344d6fe094d
[2026-09-21T12:31:41.833Z] [ERROR] GET /api/platform-revenue/subscriptions/active?userId=cedc0064-0c9e-445e-9649-d344d6fe094d 404 - Cannot GET /api/platform-revenue/subscriptions/active?userId=cedc0064-0c9e-445e-9649-d344d6fe094d
[2026-09-21T12:31:41.842Z] [ERROR] GET /api/platform-revenue/subscriptions/active?userId=cedc0064-0c9e-445e-9649-d344d6fe094d 404 - Cannot GET /api/platform-revenue/subscriptions/active?userId=cedc0064-0c9e-445e-9649-d344d6fe094d
[2026-09-21T12:31:41.852Z] [ERROR] GET /api/platform-revenue/subscriptions/active?userId=cedc0064-0c9e-445e-9649-d344d6fe094d 404 - Cannot GET /api/platform-revenue/subscriptions/active?userId=cedc0064-0c9e-445e-9649-d344d6fe094d
[2026-09-21T12:31:41.881Z] [ERROR] GET /api/platform-revenue/subscriptions/active?userId=cedc0064-0c9e-445e-9649-d344d6fe094d 404 - Cannot GET /api/platform-revenue/subscriptions/active?userId=cedc0064-0c9e-445e-9649-d344d6fe094d
[2026-09-21T12:31:41.954Z] [ERROR] GET /api/platform-revenue/subscriptions/active?userId=cedc0064-0c9e-445e-9649-d344d6fe094d 404 - Cannot GET /api/platform-revenue/subscriptions/active?userId=cedc0064-0c9e-445e-9649-d344d6fe094d
[2026-09-21T12:31:41.986Z] [ERROR] GET /api/platform-revenue/subscriptions/active?userId=cedc0064-0c9e-445e-9649-d344d6fe094d 404 - Cannot GET /api/platform-revenue/subscriptions/active?userId=cedc0064-0c9e-445e-9649-d344d6fe094d
[2026-09-21T12:35:42.489Z] [ERROR] GET /api/platform-revenue/subscriptions/active?userId=cedc0064-0c9e-445e-9649-d344d6fe094d 404 - Cannot GET /api/platform-revenue/subscriptions/active?userId=cedc0064-0c9e-445e-9649-d344d6fe094d
[2026-09-21T12:35:42.558Z] [ERROR] GET /api/platform-revenue/subscriptions/active?userId=cedc0064-0c9e-445e-9649-d344d6fe094d 404 - Cannot GET /api/platform-revenue/subscriptions/active?userId=cedc0064-0c9e-445e-9649-d344d6fe094d
[2026-09-21T12:45:16.591Z] [ERROR] POST /api/purchase-orders 400 - property id should not exist, property subtotal should not exist, property tax should not exist, property total should not exist
[2026-09-21T12:46:56.341Z] [ERROR] GET /api/platform-revenue/subscriptions/active?userId=cedc0064-0c9e-445e-9649-d344d6fe094d 404 - Cannot GET /api/platform-revenue/subscriptions/active?userId=cedc0064-0c9e-445e-9649-d344d6fe094d
[2026-09-21T12:46:56.381Z] [ERROR] GET /api/platform-revenue/subscriptions/active?userId=cedc0064-0c9e-445e-9649-d344d6fe094d 404 - Cannot GET /api/platform-revenue/subscriptions/active?userId=cedc0064-0c9e-445e-9649-d344d6fe094d
[2026-09-21T12:48:38.663Z] [ERROR] GET /api/platform-revenue/subscriptions/active?userId=cedc0064-0c9e-445e-9649-d344d6fe094d 404 - Cannot GET /api/platform-revenue/subscriptions/active?userId=cedc0064-0c9e-445e-9649-d344d6fe094d
[2026-09-21T12:48:38.702Z] [ERROR] GET /api/platform-revenue/subscriptions/active?userId=cedc0064-0c9e-445e-9649-d344d6fe094d 404 - Cannot GET /api/platform-revenue/subscriptions/active?userId=cedc0064-0c9e-445e-9649-d344d6fe094d
[2026-09-21T12:50:06.812Z] [ERROR] GET /api/platform-revenue/subscriptions/active?userId=cedc0064-0c9e-445e-9649-d344d6fe094d 404 - Cannot GET /api/platform-revenue/subscriptions/active?userId=cedc0064-0c9e-445e-9649-d344d6fe094d
[2026-09-21T12:50:06.849Z] [ERROR] GET /api/platform-revenue/subscriptions/active?userId=cedc0064-0c9e-445e-9649-d344d6fe094d 404 - Cannot GET /api/platform-revenue/subscriptions/active?userId=cedc0064-0c9e-445e-9649-d344d6fe094d
[2026-09-21T13:02:25.427Z] [ERROR] GET /api/platform-revenue/subscriptions/active?userId=cedc0064-0c9e-445e-9649-d344d6fe094d 404 - Cannot GET /api/platform-revenue/subscriptions/active?userId=cedc0064-0c9e-445e-9649-d344d6fe094d
[2026-09-21T13:02:25.457Z] [ERROR] GET /api/platform-revenue/subscriptions/active?userId=cedc0064-0c9e-445e-9649-d344d6fe094d 404 - Cannot GET /api/platform-revenue/subscriptions/active?userId=cedc0064-0c9e-445e-9649-d344d6fe094d
[2026-09-21T13:02:53.196Z] [ERROR] GET /api/platform-revenue/subscriptions/active?userId=cedc0064-0c9e-445e-9649-d344d6fe094d 404 - Cannot GET /api/platform-revenue/subscriptions/active?userId=cedc0064-0c9e-445e-9649-d344d6fe094d
[2026-09-21T13:02:53.258Z] [ERROR] GET /api/platform-revenue/subscriptions/active?userId=cedc0064-0c9e-445e-9649-d344d6fe094d 404 - Cannot GET /api/platform-revenue/subscriptions/active?userId=cedc0064-0c9e-445e-9649-d344d6fe094d
[2026-09-21T13:07:04.000Z] [ERROR] POST /api/returns?retailerId=cedc0064-0c9e-445e-9649-d344d6fe094d&storeId=JOHN-S-STORE 400 - property qty should not exist, property refundAmount should not exist, property date should not exist
[2026-09-21T13:08:23.007Z] [ERROR] PUT /api/returns/RET-003?retailerId=cedc0064-0c9e-445e-9649-d344d6fe094d&storeId=JOHN-S-STORE 404 - Return request not found
[2026-09-21T13:09:57.646Z] [ERROR] PUT /api/returns/RET-003?retailerId=cedc0064-0c9e-445e-9649-d344d6fe094d&storeId=JOHN-S-STORE 404 - Return request not found
[2026-09-21T13:10:59.755Z] [ERROR] PUT /api/returns/RET-003?retailerId=cedc0064-0c9e-445e-9649-d344d6fe094d&storeId=JOHN-S-STORE 404 - Return request not found
[2026-09-21T13:12:08.953Z] [ERROR] PUT /api/returns/RET-003?retailerId=cedc0064-0c9e-445e-9649-d344d6fe094d&storeId=JOHN-S-STORE 404 - Return request not found
[2026-09-21T13:13:38.668Z] [ERROR] PUT /api/returns/RET-003?retailerId=cedc0064-0c9e-445e-9649-d344d6fe094d&storeId=JOHN-S-STORE 404 - Return request not found
[2026-09-24T16:48:13.183Z] [ERROR] GET /api/platform-revenue/subscriptions/active?userId=cedc0064-0c9e-445e-9649-d344d6fe094d 404 - Cannot GET /api/platform-revenue/subscriptions/active?userId=cedc0064-0c9e-445e-9649-d344d6fe094d
[2026-09-24T16:48:13.239Z] [ERROR] GET /api/platform-revenue/subscriptions/active?userId=cedc0064-0c9e-445e-9649-d344d6fe094d 404 - Cannot GET /api/platform-revenue/subscriptions/active?userId=cedc0064-0c9e-445e-9649-d344d6fe094d
[2026-09-24T16:50:30.798Z] [ERROR] GET /api/platform-revenue/subscriptions/active?userId=cedc0064-0c9e-445e-9649-d344d6fe094d 404 - Cannot GET /api/platform-revenue/subscriptions/active?userId=cedc0064-0c9e-445e-9649-d344d6fe094d
[2026-09-24T16:50:30.849Z] [ERROR] GET /api/platform-revenue/subscriptions/active?userId=cedc0064-0c9e-445e-9649-d344d6fe094d 404 - Cannot GET /api/platform-revenue/subscriptions/active?userId=cedc0064-0c9e-445e-9649-d344d6fe094d
[2026-09-24T18:50:05.770Z] [ERROR] GET /api/suppliers/sup-1789751490622 404 - Supplier setup "sup-1789751490622" was not found
[2026-09-24T18:50:05.781Z] [ERROR] GET /api/suppliers/sup-1789751490622 404 - Supplier setup "sup-1789751490622" was not found
[2026-09-24T18:50:05.790Z] [ERROR] GET /api/suppliers/sup-1789751490622/documents 404 - Supplier setup "sup-1789751490622" was not found
[2026-09-24T18:50:05.810Z] [ERROR] GET /api/suppliers/sup-1789751490622/documents 404 - Supplier setup "sup-1789751490622" was not found
[2026-09-24T18:50:27.906Z] [ERROR] GET /api/suppliers/sup-1789751490622 404 - Supplier setup "sup-1789751490622" was not found
[2026-09-24T18:50:27.918Z] [ERROR] GET /api/suppliers/sup-1789751490622 404 - Supplier setup "sup-1789751490622" was not found
[2026-09-24T18:50:27.926Z] [ERROR] GET /api/suppliers/sup-1789751490622/documents 404 - Supplier setup "sup-1789751490622" was not found
[2026-09-24T18:50:27.935Z] [ERROR] GET /api/suppliers/sup-1789751490622/documents 404 - Supplier setup "sup-1789751490622" was not found
[2026-09-24T18:56:57.531Z] [ERROR] GET /api/suppliers/sup-1789751490622 404 - Supplier setup "sup-1789751490622" was not found
[2026-09-24T18:56:57.534Z] [ERROR] GET /api/suppliers/sup-1789751490622/documents 404 - Supplier setup "sup-1789751490622" was not found
[2026-09-24T18:56:57.537Z] [ERROR] GET /api/suppliers/sup-1789751490622 404 - Supplier setup "sup-1789751490622" was not found
[2026-09-24T18:56:57.541Z] [ERROR] GET /api/suppliers/sup-1789751490622/documents 404 - Supplier setup "sup-1789751490622" was not found
[2026-09-24T18:58:06.341Z] [ERROR] GET /api/suppliers/sup-1789751490622 404 - Supplier setup "sup-1789751490622" was not found
[2026-09-24T18:58:06.343Z] [ERROR] GET /api/suppliers/sup-1789751490622/documents 404 - Supplier setup "sup-1789751490622" was not found
[2026-09-24T18:58:06.346Z] [ERROR] GET /api/suppliers/sup-1789751490622 404 - Supplier setup "sup-1789751490622" was not found
[2026-09-24T18:58:06.359Z] [ERROR] GET /api/suppliers/sup-1789751490622/documents 404 - Supplier setup "sup-1789751490622" was not found
[2026-09-24T18:58:58.953Z] [ERROR] GET /api/suppliers/sup-1789751490622 404 - Supplier setup "sup-1789751490622" was not found
[2026-09-24T18:58:58.961Z] [ERROR] GET /api/suppliers/sup-1789751490622/documents 404 - Supplier setup "sup-1789751490622" was not found
[2026-09-24T18:58:58.964Z] [ERROR] GET /api/suppliers/sup-1789751490622 404 - Supplier setup "sup-1789751490622" was not found
[2026-09-24T18:58:58.968Z] [ERROR] GET /api/suppliers/sup-1789751490622/documents 404 - Supplier setup "sup-1789751490622" was not found
[2026-09-24T18:59:33.109Z] [ERROR] GET /api/suppliers/sup-1789751490622 404 - Supplier setup "sup-1789751490622" was not found
[2026-09-24T18:59:33.241Z] [ERROR] GET /api/suppliers/sup-1789751490622/documents 404 - Supplier setup "sup-1789751490622" was not found
[2026-09-24T18:59:33.604Z] [ERROR] GET /api/suppliers/sup-1789751490622 404 - Supplier setup "sup-1789751490622" was not found
[2026-09-24T18:59:34.018Z] [ERROR] GET /api/suppliers/sup-1789751490622/documents 404 - Supplier setup "sup-1789751490622" was not found
[2026-09-24T18:59:49.233Z] [ERROR] GET /api/suppliers/sup-1789751490622 404 - Supplier setup "sup-1789751490622" was not found
[2026-09-24T18:59:49.238Z] [ERROR] GET /api/suppliers/sup-1789751490622 404 - Supplier setup "sup-1789751490622" was not found
[2026-09-24T18:59:49.240Z] [ERROR] GET /api/suppliers/sup-1789751490622/documents 404 - Supplier setup "sup-1789751490622" was not found
[2026-09-24T18:59:49.250Z] [ERROR] GET /api/suppliers/sup-1789751490622/documents 404 - Supplier setup "sup-1789751490622" was not found
[2026-09-24T19:00:21.705Z] [ERROR] GET /api/suppliers/sup-1789751490622 404 - Supplier setup "sup-1789751490622" was not found
[2026-09-24T19:00:21.712Z] [ERROR] GET /api/suppliers/sup-1789751490622 404 - Supplier setup "sup-1789751490622" was not found
[2026-09-24T19:00:21.713Z] [ERROR] GET /api/suppliers/sup-1789751490622/documents 404 - Supplier setup "sup-1789751490622" was not found
[2026-09-24T19:00:21.767Z] [ERROR] GET /api/suppliers/sup-1789751490622/documents 404 - Supplier setup "sup-1789751490622" was not found
[2026-09-24T19:00:33.548Z] [ERROR] GET /api/suppliers/sup-1789751490622 404 - Supplier setup "sup-1789751490622" was not found
[2026-09-24T19:00:33.594Z] [ERROR] GET /api/suppliers/sup-1789751490622/documents 404 - Supplier setup "sup-1789751490622" was not found
[2026-09-24T19:00:33.617Z] [ERROR] GET /api/suppliers/sup-1789751490622 404 - Supplier setup "sup-1789751490622" was not found
[2026-09-24T19:00:33.650Z] [ERROR] GET /api/suppliers/sup-1789751490622/documents 404 - Supplier setup "sup-1789751490622" was not found
[2026-09-24T19:03:12.558Z] [ERROR] GET /api/suppliers/sup-1789751490622 404 - Supplier setup "sup-1789751490622" was not found
[2026-09-24T19:03:12.587Z] [ERROR] GET /api/suppliers/sup-1789751490622/documents 404 - Supplier setup "sup-1789751490622" was not found
[2026-09-24T19:03:12.590Z] [ERROR] GET /api/suppliers/sup-1789751490622 404 - Supplier setup "sup-1789751490622" was not found
[2026-09-24T19:03:12.708Z] [ERROR] GET /api/suppliers/sup-1789751490622/documents 404 - Supplier setup "sup-1789751490622" was not found
[2026-09-24T19:06:37.224Z] [ERROR] GET /api/suppliers/sup-1789751490622 404 - Supplier setup "sup-1789751490622" was not found
[2026-09-24T19:06:37.282Z] [ERROR] GET /api/suppliers/sup-1789751490622/documents 404 - Supplier setup "sup-1789751490622" was not found
[2026-09-24T19:06:37.369Z] [ERROR] GET /api/suppliers/sup-1789751490622 404 - Supplier setup "sup-1789751490622" was not found
[2026-09-24T19:06:37.448Z] [ERROR] GET /api/suppliers/sup-1789751490622/documents 404 - Supplier setup "sup-1789751490622" was not found
[2026-09-24T19:10:55.999Z] [ERROR] GET /api/suppliers/sup-1789751490622 404 - Supplier setup "sup-1789751490622" was not found
[2026-09-24T19:10:56.003Z] [ERROR] GET /api/suppliers/sup-1789751490622/documents 404 - Supplier setup "sup-1789751490622" was not found
[2026-09-24T19:10:56.005Z] [ERROR] GET /api/suppliers/sup-1789751490622 404 - Supplier setup "sup-1789751490622" was not found
[2026-09-24T19:10:56.010Z] [ERROR] GET /api/suppliers/sup-1789751490622/documents 404 - Supplier setup "sup-1789751490622" was not found
[2026-09-24T19:11:09.377Z] [ERROR] GET /api/suppliers/sup-1789751490622 404 - Supplier setup "sup-1789751490622" was not found
[2026-09-24T19:11:09.380Z] [ERROR] GET /api/suppliers/sup-1789751490622/documents 404 - Supplier setup "sup-1789751490622" was not found
[2026-09-24T19:11:28.168Z] [ERROR] GET /api/suppliers/sup-1789751490622 404 - Supplier setup "sup-1789751490622" was not found
[2026-09-24T19:11:28.173Z] [ERROR] GET /api/suppliers/sup-1789751490622/documents 404 - Supplier setup "sup-1789751490622" was not found
[2026-09-24T19:12:11.848Z] [ERROR] GET /api/suppliers/sup-1789751490622 404 - Supplier setup "sup-1789751490622" was not found
[2026-09-24T19:12:11.861Z] [ERROR] GET /api/suppliers/sup-1789751490622/documents 404 - Supplier setup "sup-1789751490622" was not found
[2026-09-24T19:12:11.871Z] [ERROR] GET /api/suppliers/sup-1789751490622 404 - Supplier setup "sup-1789751490622" was not found
[2026-09-24T19:12:11.884Z] [ERROR] GET /api/suppliers/sup-1789751490622/documents 404 - Supplier setup "sup-1789751490622" was not found
[2026-09-24T19:14:02.577Z] [ERROR] POST /api/suppliers/setup 400 - property name should not exist, property supplierName should not exist, property supplierCode should not exist, property email should not exist, property phone should not exist, property gst should not exist, property gstNumber should not exist, property businessType should not exist, property primaryCategory should not exist, property state should not exist, property address should not exist, property website should not exist, property contactPerson should not exist, property contactDesignation should not exist, property contactEmail should not exist, property paymentTerms should not exist, property sellingType should not exist, property description should not exist, property currency should not exist, products.0.property id should not exist, products.0.property cat should not exist, products.0.property price should not exist, products.0.property stock should not exist, products.0.property moq should not exist, products.0.property status should not exist, products.0.stockAvailable must not be less than 0, products.0.stockAvailable must be an integer number, products.1.property id should not exist, products.1.property cat should not exist, products.1.property price should not exist, products.1.property stock should not exist, products.1.property moq should not exist, products.1.property status should not exist, products.1.stockAvailable must not be less than 0, products.1.stockAvailable must be an integer number, products.2.property id should not exist, products.2.property cat should not exist, products.2.property price should not exist, products.2.property stock should not exist, products.2.property moq should not exist, products.2.property status should not exist, products.2.stockAvailable must not be less than 0, products.2.stockAvailable must be an integer number
[2026-09-24T19:14:13.921Z] [ERROR] GET /api/suppliers/sup-1790277242626 404 - Supplier setup "sup-1790277242626" was not found
[2026-09-24T19:14:13.936Z] [ERROR] GET /api/suppliers/sup-1790277242626/documents 404 - Supplier setup "sup-1790277242626" was not found
[2026-09-24T19:14:13.949Z] [ERROR] GET /api/suppliers/sup-1790277242626 404 - Supplier setup "sup-1790277242626" was not found
[2026-09-24T19:14:14.016Z] [ERROR] GET /api/suppliers/sup-1790277242626/documents 404 - Supplier setup "sup-1790277242626" was not found
